MPLINK 4.34, Linker
Linker Map File - Created Sun Nov 29 18:14:31 2009

                                 Section Info
                  Section       Type    Address   Location Size(Bytes)
                ---------  ---------  ---------  ---------  ---------
                   .org_0       code   0x000000    program   0x000000
                   .org_2       code   0x000000    program   0x000002
                   .org_1       code   0x000100    program   0x00033c
    .config_2007_MYMAIN.O       code   0x002007    program   0x000002



                              Program Memory Usage 
                               Start         End      
                           ---------   ---------      
                            0x000000    0x000000      
                            0x000100    0x00029d      
                            0x002007    0x002007      
            416 out of 4101 program addresses used, program memory utilization is 10%



                              Symbols - Sorted by Name
                     Name    Address   Location    Storage File                     
                ---------  ---------  ---------  --------- ---------                
                      Min   0x000212    program     static D:\2inputs\Min.asm       
                     STOP   0x00010f    program     static D:\2inputs\MYMAIN.ASM    
                    STOP1   0x000115    program     static D:\2inputs\MYMAIN.ASM    
                       as   0x0001da    program     static D:\2inputs\FLMSS.ASM     
                case_fire   0x00011d    program     static D:\2inputs\MYMAIN.ASM    
             case_no_fire   0x000121    program     static D:\2inputs\MYMAIN.ASM    
                cmp_flmss   0x0001d1    program     static D:\2inputs\FLMSS.ASM     
                  cmp_min   0x00021e    program     static D:\2inputs\Min.asm       
                      com   0x000242    program     static D:\2inputs\COM.ASM       
                 comp_min   0x00022b    program     static D:\2inputs\Min.asm       
              compute_com   0x000273    program     static D:\2inputs\COM.ASM       
                  div16_8   0x00028a    program     static D:\2inputs\DIV16_8.ASM   
                  divLoop   0x00028d    program     static D:\2inputs\DIV16_8.ASM   
                       ds   0x0001ed    program     static D:\2inputs\FLMSS.ASM     
                    flmss   0x0001c1    program     static D:\2inputs\FLMSS.ASM     
              flmss_start   0x0001c1    program     static D:\2inputs\FLMSS.ASM     
                 initloop   0x000197    program     static D:\2inputs\MOTORCON.asm  
             initmotorcon   0x000193    program     static D:\2inputs\MOTORCON.asm  
               ishift_com   0x000265    program     static D:\2inputs\COM.ASM       
              ishift_com2   0x00026b    program     static D:\2inputs\COM.ASM       
                main_loop   0x00010d    program     static D:\2inputs\MYMAIN.ASM    
                  maxdone   0x000201    program     static D:\2inputs\FLMSS.ASM     
                  mindone   0x000203    program     static D:\2inputs\FLMSS.ASM     
                 motorcon   0x00019c    program     static D:\2inputs\MOTORCON.asm  
                   mpy8_8   0x00027c    program     static D:\2inputs\MPY8_8.ASM    
                  mpyLoop   0x000281    program     static D:\2inputs\MPY8_8.ASM    
                   mymain   0x000100    program     static D:\2inputs\MYMAIN.ASM    
              next_in_min   0x000229    program     static D:\2inputs\Min.asm       
             next_out_min   0x000236    program     static D:\2inputs\Min.asm       
                 no_carry   0x000296    program     static D:\2inputs\DIV16_8.ASM   
                   no_sub   0x000299    program     static D:\2inputs\DIV16_8.ASM   
                ready_com   0x000262    program     static D:\2inputs\COM.ASM       
             rout_div_com   0x000278    program     static D:\2inputs\COM.ASM       
                      rt0   0x000147    program     static D:\2inputs\MOTORCON.asm  
               rt_routine   0x00020b    program     static D:\2inputs\Min.asm       
                start_com   0x000247    program     static D:\2inputs\COM.ASM       
           start_rule_min   0x000216    program     static D:\2inputs\Min.asm       
                    store   0x000204    program     static D:\2inputs\FLMSS.ASM     
                     tpts   0x000122    program     static D:\2inputs\MOTORCON.asm  
             tpts_routine   0x0001ba    program     static D:\2inputs\FLMSS.ASM     
                     xcom   0x000142    program     static D:\2inputs\MOTORCON.asm  
             xcom_routine   0x00023b    program     static D:\2inputs\COM.ASM       



                              Symbols - Sorted by Address
                     Name    Address   Location    Storage File                     
                ---------  ---------  ---------  --------- ---------                
                   mymain   0x000100    program     static D:\2inputs\MYMAIN.ASM    
                main_loop   0x00010d    program     static D:\2inputs\MYMAIN.ASM    
                     STOP   0x00010f    program     static D:\2inputs\MYMAIN.ASM    
                    STOP1   0x000115    program     static D:\2inputs\MYMAIN.ASM    
                case_fire   0x00011d    program     static D:\2inputs\MYMAIN.ASM    
             case_no_fire   0x000121    program     static D:\2inputs\MYMAIN.ASM    
                     tpts   0x000122    program     static D:\2inputs\MOTORCON.asm  
                     xcom   0x000142    program     static D:\2inputs\MOTORCON.asm  
                      rt0   0x000147    program     static D:\2inputs\MOTORCON.asm  
             initmotorcon   0x000193    program     static D:\2inputs\MOTORCON.asm  
                 initloop   0x000197    program     static D:\2inputs\MOTORCON.asm  
                 motorcon   0x00019c    program     static D:\2inputs\MOTORCON.asm  
             tpts_routine   0x0001ba    program     static D:\2inputs\FLMSS.ASM     
                    flmss   0x0001c1    program     static D:\2inputs\FLMSS.ASM     
              flmss_start   0x0001c1    program     static D:\2inputs\FLMSS.ASM     
                cmp_flmss   0x0001d1    program     static D:\2inputs\FLMSS.ASM     
                       as   0x0001da    program     static D:\2inputs\FLMSS.ASM     
                       ds   0x0001ed    program     static D:\2inputs\FLMSS.ASM     
                  maxdone   0x000201    program     static D:\2inputs\FLMSS.ASM     
                  mindone   0x000203    program     static D:\2inputs\FLMSS.ASM     
                    store   0x000204    program     static D:\2inputs\FLMSS.ASM     
               rt_routine   0x00020b    program     static D:\2inputs\Min.asm       
                      Min   0x000212    program     static D:\2inputs\Min.asm       
           start_rule_min   0x000216    program     static D:\2inputs\Min.asm       
                  cmp_min   0x00021e    program     static D:\2inputs\Min.asm       
              next_in_min   0x000229    program     static D:\2inputs\Min.asm       
                 comp_min   0x00022b    program     static D:\2inputs\Min.asm       
             next_out_min   0x000236    program     static D:\2inputs\Min.asm       
             xcom_routine   0x00023b    program     static D:\2inputs\COM.ASM       
                      com   0x000242    program     static D:\2inputs\COM.ASM       
                start_com   0x000247    program     static D:\2inputs\COM.ASM       
                ready_com   0x000262    program     static D:\2inputs\COM.ASM       
               ishift_com   0x000265    program     static D:\2inputs\COM.ASM       
              ishift_com2   0x00026b    program     static D:\2inputs\COM.ASM       
              compute_com   0x000273    program     static D:\2inputs\COM.ASM       
             rout_div_com   0x000278    program     static D:\2inputs\COM.ASM       
                   mpy8_8   0x00027c    program     static D:\2inputs\MPY8_8.ASM    
                  mpyLoop   0x000281    program     static D:\2inputs\MPY8_8.ASM    
                  div16_8   0x00028a    program     static D:\2inputs\DIV16_8.ASM   
                  divLoop   0x00028d    program     static D:\2inputs\DIV16_8.ASM   
                 no_carry   0x000296    program     static D:\2inputs\DIV16_8.ASM   
                   no_sub   0x000299    program     static D:\2inputs\DIV16_8.ASM   


